// Jest Snapshot v1, https://goo.gl/fbAQLP

exports[`renders 1`] = `
<input
  name="test"
  type="hidden"
  value="1,2,3,4,5"
/>
`;
