// Jest Snapshot v1, https://goo.gl/fbAQLP

exports[`OptionList styles 1`] = `
.emotion-0 {
  list-style-type: none;
  padding: 0;
  margin: 0;
  margin-block-start: 0;
  margin-block-end: 0;
  border: 1px solid #C3C3C3;
  border-radius: .2em;
}

<ul
  className="emotion-0"
  onMouseDown={[Function]}
  onTouchStart={[Function]}
>
  <div
    data-props={
      Object {
        "item": Object {
          "label": "Item 1",
          "value": "1",
        },
        "removable": false,
        "styles_borderRadius": ".2em",
        "styles_checkRadio_borderWidth": "2px",
        "styles_checkRadio_labelMargin": ".2em",
        "styles_checkRadio_marginBetween": "1em",
        "styles_checkRadio_paddingBottom": ".2em",
        "styles_checkRadio_paddingLeft": ".2em",
        "styles_checkRadio_paddingRight": ".2em",
        "styles_checkRadio_paddingTop": ".2em",
        "styles_colors_background": "white",
        "styles_colors_disabled": "#ECECEC",
        "styles_colors_highlight": "lightblue",
        "styles_colors_primary": "black",
        "styles_colors_secondary": "#C3C3C3",
        "styles_colors_warning": "#FABAAC",
        "styles_colors_warningBold": "#FA2222",
        "styles_disabled": false,
        "styles_fontSize": "1em",
        "styles_hasOptions": true,
        "styles_hasSelection": false,
        "styles_icon_width": "1em",
        "styles_multiple": false,
        "styles_optionHighlighted": Array [],
        "styles_option_paddingBottom": ".25em",
        "styles_option_paddingLeft": ".25em",
        "styles_option_paddingRight": ".25em",
        "styles_option_paddingTop": ".25em",
        "styles_paddingBottom": ".25em",
        "styles_paddingLeft": ".25em",
        "styles_paddingRight": ".25em",
        "styles_paddingTop": ".25em",
        "styles_rightToLeft": false,
        "styles_search_size": "8",
        "styles_selection_margin": ".2em",
        "styles_selection_paddingBottom": ".2em",
        "styles_selection_paddingLeft": ".4em",
        "styles_selection_paddingRight": ".4em",
        "styles_selection_paddingTop": ".2em",
        "styles_width": 600,
        "svg_Remove": undefined,
      }
    }
  />
  <div
    data-props={
      Object {
        "item": Object {
          "label": "Item 2",
          "value": "2",
        },
        "removable": false,
        "styles_borderRadius": ".2em",
        "styles_checkRadio_borderWidth": "2px",
        "styles_checkRadio_labelMargin": ".2em",
        "styles_checkRadio_marginBetween": "1em",
        "styles_checkRadio_paddingBottom": ".2em",
        "styles_checkRadio_paddingLeft": ".2em",
        "styles_checkRadio_paddingRight": ".2em",
        "styles_checkRadio_paddingTop": ".2em",
        "styles_colors_background": "white",
        "styles_colors_disabled": "#ECECEC",
        "styles_colors_highlight": "lightblue",
        "styles_colors_primary": "black",
        "styles_colors_secondary": "#C3C3C3",
        "styles_colors_warning": "#FABAAC",
        "styles_colors_warningBold": "#FA2222",
        "styles_disabled": false,
        "styles_fontSize": "1em",
        "styles_hasOptions": true,
        "styles_hasSelection": false,
        "styles_icon_width": "1em",
        "styles_multiple": false,
        "styles_optionHighlighted": Array [],
        "styles_option_paddingBottom": ".25em",
        "styles_option_paddingLeft": ".25em",
        "styles_option_paddingRight": ".25em",
        "styles_option_paddingTop": ".25em",
        "styles_paddingBottom": ".25em",
        "styles_paddingLeft": ".25em",
        "styles_paddingRight": ".25em",
        "styles_paddingTop": ".25em",
        "styles_rightToLeft": false,
        "styles_search_size": "8",
        "styles_selection_margin": ".2em",
        "styles_selection_paddingBottom": ".2em",
        "styles_selection_paddingLeft": ".4em",
        "styles_selection_paddingRight": ".4em",
        "styles_selection_paddingTop": ".2em",
        "styles_width": 600,
        "svg_Remove": undefined,
      }
    }
  />
  <div
    data-props={
      Object {
        "item": Object {
          "label": "Item 3",
          "value": "3",
        },
        "removable": false,
        "styles_borderRadius": ".2em",
        "styles_checkRadio_borderWidth": "2px",
        "styles_checkRadio_labelMargin": ".2em",
        "styles_checkRadio_marginBetween": "1em",
        "styles_checkRadio_paddingBottom": ".2em",
        "styles_checkRadio_paddingLeft": ".2em",
        "styles_checkRadio_paddingRight": ".2em",
        "styles_checkRadio_paddingTop": ".2em",
        "styles_colors_background": "white",
        "styles_colors_disabled": "#ECECEC",
        "styles_colors_highlight": "lightblue",
        "styles_colors_primary": "black",
        "styles_colors_secondary": "#C3C3C3",
        "styles_colors_warning": "#FABAAC",
        "styles_colors_warningBold": "#FA2222",
        "styles_disabled": false,
        "styles_fontSize": "1em",
        "styles_hasOptions": true,
        "styles_hasSelection": false,
        "styles_icon_width": "1em",
        "styles_multiple": false,
        "styles_optionHighlighted": Array [],
        "styles_option_paddingBottom": ".25em",
        "styles_option_paddingLeft": ".25em",
        "styles_option_paddingRight": ".25em",
        "styles_option_paddingTop": ".25em",
        "styles_paddingBottom": ".25em",
        "styles_paddingLeft": ".25em",
        "styles_paddingRight": ".25em",
        "styles_paddingTop": ".25em",
        "styles_rightToLeft": false,
        "styles_search_size": "8",
        "styles_selection_margin": ".2em",
        "styles_selection_paddingBottom": ".2em",
        "styles_selection_paddingLeft": ".4em",
        "styles_selection_paddingRight": ".4em",
        "styles_selection_paddingTop": ".2em",
        "styles_width": 600,
        "svg_Remove": undefined,
      }
    }
  />
  <div
    data-props={
      Object {
        "item": Object {
          "label": "Item 4",
          "value": "4",
        },
        "removable": false,
        "styles_borderRadius": ".2em",
        "styles_checkRadio_borderWidth": "2px",
        "styles_checkRadio_labelMargin": ".2em",
        "styles_checkRadio_marginBetween": "1em",
        "styles_checkRadio_paddingBottom": ".2em",
        "styles_checkRadio_paddingLeft": ".2em",
        "styles_checkRadio_paddingRight": ".2em",
        "styles_checkRadio_paddingTop": ".2em",
        "styles_colors_background": "white",
        "styles_colors_disabled": "#ECECEC",
        "styles_colors_highlight": "lightblue",
        "styles_colors_primary": "black",
        "styles_colors_secondary": "#C3C3C3",
        "styles_colors_warning": "#FABAAC",
        "styles_colors_warningBold": "#FA2222",
        "styles_disabled": false,
        "styles_fontSize": "1em",
        "styles_hasOptions": true,
        "styles_hasSelection": false,
        "styles_icon_width": "1em",
        "styles_multiple": false,
        "styles_optionHighlighted": Array [],
        "styles_option_paddingBottom": ".25em",
        "styles_option_paddingLeft": ".25em",
        "styles_option_paddingRight": ".25em",
        "styles_option_paddingTop": ".25em",
        "styles_paddingBottom": ".25em",
        "styles_paddingLeft": ".25em",
        "styles_paddingRight": ".25em",
        "styles_paddingTop": ".25em",
        "styles_rightToLeft": false,
        "styles_search_size": "8",
        "styles_selection_margin": ".2em",
        "styles_selection_paddingBottom": ".2em",
        "styles_selection_paddingLeft": ".4em",
        "styles_selection_paddingRight": ".4em",
        "styles_selection_paddingTop": ".2em",
        "styles_width": 600,
        "svg_Remove": undefined,
      }
    }
  />
  <div
    data-props={
      Object {
        "item": Object {
          "label": "Item 5",
          "value": "5",
        },
        "removable": false,
        "styles_borderRadius": ".2em",
        "styles_checkRadio_borderWidth": "2px",
        "styles_checkRadio_labelMargin": ".2em",
        "styles_checkRadio_marginBetween": "1em",
        "styles_checkRadio_paddingBottom": ".2em",
        "styles_checkRadio_paddingLeft": ".2em",
        "styles_checkRadio_paddingRight": ".2em",
        "styles_checkRadio_paddingTop": ".2em",
        "styles_colors_background": "white",
        "styles_colors_disabled": "#ECECEC",
        "styles_colors_highlight": "lightblue",
        "styles_colors_primary": "black",
        "styles_colors_secondary": "#C3C3C3",
        "styles_colors_warning": "#FABAAC",
        "styles_colors_warningBold": "#FA2222",
        "styles_disabled": false,
        "styles_fontSize": "1em",
        "styles_hasOptions": true,
        "styles_hasSelection": false,
        "styles_icon_width": "1em",
        "styles_multiple": false,
        "styles_optionHighlighted": Array [],
        "styles_option_paddingBottom": ".25em",
        "styles_option_paddingLeft": ".25em",
        "styles_option_paddingRight": ".25em",
        "styles_option_paddingTop": ".25em",
        "styles_paddingBottom": ".25em",
        "styles_paddingLeft": ".25em",
        "styles_paddingRight": ".25em",
        "styles_paddingTop": ".25em",
        "styles_rightToLeft": false,
        "styles_search_size": "8",
        "styles_selection_margin": ".2em",
        "styles_selection_paddingBottom": ".2em",
        "styles_selection_paddingLeft": ".4em",
        "styles_selection_paddingRight": ".4em",
        "styles_selection_paddingTop": ".2em",
        "styles_width": 600,
        "svg_Remove": undefined,
      }
    }
  />
</ul>
`;

exports[`SelectionList styles 1`] = `
.emotion-0 {
  display: inline-block;
  list-style-type: none;
  padding: 0;
  margin: 0;
}

.emotion-0:not(:empty) {
  width: 100%;
}

<ul
  className="emotion-0"
  onMouseDown={[Function]}
  onTouchStart={[Function]}
>
  <div
    data-props={
      Object {
        "item": Object {
          "label": "Item 1",
          "value": "1",
        },
        "removable": false,
        "styles_borderRadius": ".2em",
        "styles_checkRadio_borderWidth": "2px",
        "styles_checkRadio_labelMargin": ".2em",
        "styles_checkRadio_marginBetween": "1em",
        "styles_checkRadio_paddingBottom": ".2em",
        "styles_checkRadio_paddingLeft": ".2em",
        "styles_checkRadio_paddingRight": ".2em",
        "styles_checkRadio_paddingTop": ".2em",
        "styles_colors_background": "white",
        "styles_colors_disabled": "#ECECEC",
        "styles_colors_highlight": "lightblue",
        "styles_colors_primary": "black",
        "styles_colors_secondary": "#C3C3C3",
        "styles_colors_warning": "#FABAAC",
        "styles_colors_warningBold": "#FA2222",
        "styles_disabled": false,
        "styles_fontSize": "1em",
        "styles_hasOptions": true,
        "styles_hasSelection": false,
        "styles_icon_width": "1em",
        "styles_multiple": false,
        "styles_optionHighlighted": Array [],
        "styles_option_paddingBottom": ".25em",
        "styles_option_paddingLeft": ".25em",
        "styles_option_paddingRight": ".25em",
        "styles_option_paddingTop": ".25em",
        "styles_paddingBottom": ".25em",
        "styles_paddingLeft": ".25em",
        "styles_paddingRight": ".25em",
        "styles_paddingTop": ".25em",
        "styles_rightToLeft": false,
        "styles_search_size": "8",
        "styles_selection_margin": ".2em",
        "styles_selection_paddingBottom": ".2em",
        "styles_selection_paddingLeft": ".4em",
        "styles_selection_paddingRight": ".4em",
        "styles_selection_paddingTop": ".2em",
        "styles_width": 600,
        "svg_Remove": undefined,
      }
    }
  />
  <div
    data-props={
      Object {
        "item": Object {
          "label": "Item 2",
          "value": "2",
        },
        "removable": false,
        "styles_borderRadius": ".2em",
        "styles_checkRadio_borderWidth": "2px",
        "styles_checkRadio_labelMargin": ".2em",
        "styles_checkRadio_marginBetween": "1em",
        "styles_checkRadio_paddingBottom": ".2em",
        "styles_checkRadio_paddingLeft": ".2em",
        "styles_checkRadio_paddingRight": ".2em",
        "styles_checkRadio_paddingTop": ".2em",
        "styles_colors_background": "white",
        "styles_colors_disabled": "#ECECEC",
        "styles_colors_highlight": "lightblue",
        "styles_colors_primary": "black",
        "styles_colors_secondary": "#C3C3C3",
        "styles_colors_warning": "#FABAAC",
        "styles_colors_warningBold": "#FA2222",
        "styles_disabled": false,
        "styles_fontSize": "1em",
        "styles_hasOptions": true,
        "styles_hasSelection": false,
        "styles_icon_width": "1em",
        "styles_multiple": false,
        "styles_optionHighlighted": Array [],
        "styles_option_paddingBottom": ".25em",
        "styles_option_paddingLeft": ".25em",
        "styles_option_paddingRight": ".25em",
        "styles_option_paddingTop": ".25em",
        "styles_paddingBottom": ".25em",
        "styles_paddingLeft": ".25em",
        "styles_paddingRight": ".25em",
        "styles_paddingTop": ".25em",
        "styles_rightToLeft": false,
        "styles_search_size": "8",
        "styles_selection_margin": ".2em",
        "styles_selection_paddingBottom": ".2em",
        "styles_selection_paddingLeft": ".4em",
        "styles_selection_paddingRight": ".4em",
        "styles_selection_paddingTop": ".2em",
        "styles_width": 600,
        "svg_Remove": undefined,
      }
    }
  />
  <div
    data-props={
      Object {
        "item": Object {
          "label": "Item 3",
          "value": "3",
        },
        "removable": false,
        "styles_borderRadius": ".2em",
        "styles_checkRadio_borderWidth": "2px",
        "styles_checkRadio_labelMargin": ".2em",
        "styles_checkRadio_marginBetween": "1em",
        "styles_checkRadio_paddingBottom": ".2em",
        "styles_checkRadio_paddingLeft": ".2em",
        "styles_checkRadio_paddingRight": ".2em",
        "styles_checkRadio_paddingTop": ".2em",
        "styles_colors_background": "white",
        "styles_colors_disabled": "#ECECEC",
        "styles_colors_highlight": "lightblue",
        "styles_colors_primary": "black",
        "styles_colors_secondary": "#C3C3C3",
        "styles_colors_warning": "#FABAAC",
        "styles_colors_warningBold": "#FA2222",
        "styles_disabled": false,
        "styles_fontSize": "1em",
        "styles_hasOptions": true,
        "styles_hasSelection": false,
        "styles_icon_width": "1em",
        "styles_multiple": false,
        "styles_optionHighlighted": Array [],
        "styles_option_paddingBottom": ".25em",
        "styles_option_paddingLeft": ".25em",
        "styles_option_paddingRight": ".25em",
        "styles_option_paddingTop": ".25em",
        "styles_paddingBottom": ".25em",
        "styles_paddingLeft": ".25em",
        "styles_paddingRight": ".25em",
        "styles_paddingTop": ".25em",
        "styles_rightToLeft": false,
        "styles_search_size": "8",
        "styles_selection_margin": ".2em",
        "styles_selection_paddingBottom": ".2em",
        "styles_selection_paddingLeft": ".4em",
        "styles_selection_paddingRight": ".4em",
        "styles_selection_paddingTop": ".2em",
        "styles_width": 600,
        "svg_Remove": undefined,
      }
    }
  />
  <div
    data-props={
      Object {
        "item": Object {
          "label": "Item 4",
          "value": "4",
        },
        "removable": false,
        "styles_borderRadius": ".2em",
        "styles_checkRadio_borderWidth": "2px",
        "styles_checkRadio_labelMargin": ".2em",
        "styles_checkRadio_marginBetween": "1em",
        "styles_checkRadio_paddingBottom": ".2em",
        "styles_checkRadio_paddingLeft": ".2em",
        "styles_checkRadio_paddingRight": ".2em",
        "styles_checkRadio_paddingTop": ".2em",
        "styles_colors_background": "white",
        "styles_colors_disabled": "#ECECEC",
        "styles_colors_highlight": "lightblue",
        "styles_colors_primary": "black",
        "styles_colors_secondary": "#C3C3C3",
        "styles_colors_warning": "#FABAAC",
        "styles_colors_warningBold": "#FA2222",
        "styles_disabled": false,
        "styles_fontSize": "1em",
        "styles_hasOptions": true,
        "styles_hasSelection": false,
        "styles_icon_width": "1em",
        "styles_multiple": false,
        "styles_optionHighlighted": Array [],
        "styles_option_paddingBottom": ".25em",
        "styles_option_paddingLeft": ".25em",
        "styles_option_paddingRight": ".25em",
        "styles_option_paddingTop": ".25em",
        "styles_paddingBottom": ".25em",
        "styles_paddingLeft": ".25em",
        "styles_paddingRight": ".25em",
        "styles_paddingTop": ".25em",
        "styles_rightToLeft": false,
        "styles_search_size": "8",
        "styles_selection_margin": ".2em",
        "styles_selection_paddingBottom": ".2em",
        "styles_selection_paddingLeft": ".4em",
        "styles_selection_paddingRight": ".4em",
        "styles_selection_paddingTop": ".2em",
        "styles_width": 600,
        "svg_Remove": undefined,
      }
    }
  />
  <div
    data-props={
      Object {
        "item": Object {
          "label": "Item 5",
          "value": "5",
        },
        "removable": false,
        "styles_borderRadius": ".2em",
        "styles_checkRadio_borderWidth": "2px",
        "styles_checkRadio_labelMargin": ".2em",
        "styles_checkRadio_marginBetween": "1em",
        "styles_checkRadio_paddingBottom": ".2em",
        "styles_checkRadio_paddingLeft": ".2em",
        "styles_checkRadio_paddingRight": ".2em",
        "styles_checkRadio_paddingTop": ".2em",
        "styles_colors_background": "white",
        "styles_colors_disabled": "#ECECEC",
        "styles_colors_highlight": "lightblue",
        "styles_colors_primary": "black",
        "styles_colors_secondary": "#C3C3C3",
        "styles_colors_warning": "#FABAAC",
        "styles_colors_warningBold": "#FA2222",
        "styles_disabled": false,
        "styles_fontSize": "1em",
        "styles_hasOptions": true,
        "styles_hasSelection": false,
        "styles_icon_width": "1em",
        "styles_multiple": false,
        "styles_optionHighlighted": Array [],
        "styles_option_paddingBottom": ".25em",
        "styles_option_paddingLeft": ".25em",
        "styles_option_paddingRight": ".25em",
        "styles_option_paddingTop": ".25em",
        "styles_paddingBottom": ".25em",
        "styles_paddingLeft": ".25em",
        "styles_paddingRight": ".25em",
        "styles_paddingTop": ".25em",
        "styles_rightToLeft": false,
        "styles_search_size": "8",
        "styles_selection_margin": ".2em",
        "styles_selection_paddingBottom": ".2em",
        "styles_selection_paddingLeft": ".4em",
        "styles_selection_paddingRight": ".4em",
        "styles_selection_paddingTop": ".2em",
        "styles_width": 600,
        "svg_Remove": undefined,
      }
    }
  />
</ul>
`;

exports[`SelectionList styles_multiple = true 1`] = `
.emotion-0 {
  display: inline;
  list-style-type: none;
  padding: 0;
  margin: 0;
}

<ul
  className="emotion-0"
  onMouseDown={[Function]}
  onTouchStart={[Function]}
>
  <div
    data-props={
      Object {
        "item": Object {
          "label": "Item 1",
          "value": "1",
        },
        "removable": false,
        "styles_borderRadius": ".2em",
        "styles_checkRadio_borderWidth": "2px",
        "styles_checkRadio_labelMargin": ".2em",
        "styles_checkRadio_marginBetween": "1em",
        "styles_checkRadio_paddingBottom": ".2em",
        "styles_checkRadio_paddingLeft": ".2em",
        "styles_checkRadio_paddingRight": ".2em",
        "styles_checkRadio_paddingTop": ".2em",
        "styles_colors_background": "white",
        "styles_colors_disabled": "#ECECEC",
        "styles_colors_highlight": "lightblue",
        "styles_colors_primary": "black",
        "styles_colors_secondary": "#C3C3C3",
        "styles_colors_warning": "#FABAAC",
        "styles_colors_warningBold": "#FA2222",
        "styles_disabled": false,
        "styles_fontSize": "1em",
        "styles_hasOptions": true,
        "styles_hasSelection": false,
        "styles_icon_width": "1em",
        "styles_multiple": true,
        "styles_optionHighlighted": Array [],
        "styles_option_paddingBottom": ".25em",
        "styles_option_paddingLeft": ".25em",
        "styles_option_paddingRight": ".25em",
        "styles_option_paddingTop": ".25em",
        "styles_paddingBottom": ".25em",
        "styles_paddingLeft": ".25em",
        "styles_paddingRight": ".25em",
        "styles_paddingTop": ".25em",
        "styles_rightToLeft": false,
        "styles_search_size": "8",
        "styles_selection_margin": ".2em",
        "styles_selection_paddingBottom": ".2em",
        "styles_selection_paddingLeft": ".4em",
        "styles_selection_paddingRight": ".4em",
        "styles_selection_paddingTop": ".2em",
        "styles_width": 600,
        "svg_Remove": undefined,
      }
    }
  />
  <div
    data-props={
      Object {
        "item": Object {
          "label": "Item 2",
          "value": "2",
        },
        "removable": false,
        "styles_borderRadius": ".2em",
        "styles_checkRadio_borderWidth": "2px",
        "styles_checkRadio_labelMargin": ".2em",
        "styles_checkRadio_marginBetween": "1em",
        "styles_checkRadio_paddingBottom": ".2em",
        "styles_checkRadio_paddingLeft": ".2em",
        "styles_checkRadio_paddingRight": ".2em",
        "styles_checkRadio_paddingTop": ".2em",
        "styles_colors_background": "white",
        "styles_colors_disabled": "#ECECEC",
        "styles_colors_highlight": "lightblue",
        "styles_colors_primary": "black",
        "styles_colors_secondary": "#C3C3C3",
        "styles_colors_warning": "#FABAAC",
        "styles_colors_warningBold": "#FA2222",
        "styles_disabled": false,
        "styles_fontSize": "1em",
        "styles_hasOptions": true,
        "styles_hasSelection": false,
        "styles_icon_width": "1em",
        "styles_multiple": true,
        "styles_optionHighlighted": Array [],
        "styles_option_paddingBottom": ".25em",
        "styles_option_paddingLeft": ".25em",
        "styles_option_paddingRight": ".25em",
        "styles_option_paddingTop": ".25em",
        "styles_paddingBottom": ".25em",
        "styles_paddingLeft": ".25em",
        "styles_paddingRight": ".25em",
        "styles_paddingTop": ".25em",
        "styles_rightToLeft": false,
        "styles_search_size": "8",
        "styles_selection_margin": ".2em",
        "styles_selection_paddingBottom": ".2em",
        "styles_selection_paddingLeft": ".4em",
        "styles_selection_paddingRight": ".4em",
        "styles_selection_paddingTop": ".2em",
        "styles_width": 600,
        "svg_Remove": undefined,
      }
    }
  />
  <div
    data-props={
      Object {
        "item": Object {
          "label": "Item 3",
          "value": "3",
        },
        "removable": false,
        "styles_borderRadius": ".2em",
        "styles_checkRadio_borderWidth": "2px",
        "styles_checkRadio_labelMargin": ".2em",
        "styles_checkRadio_marginBetween": "1em",
        "styles_checkRadio_paddingBottom": ".2em",
        "styles_checkRadio_paddingLeft": ".2em",
        "styles_checkRadio_paddingRight": ".2em",
        "styles_checkRadio_paddingTop": ".2em",
        "styles_colors_background": "white",
        "styles_colors_disabled": "#ECECEC",
        "styles_colors_highlight": "lightblue",
        "styles_colors_primary": "black",
        "styles_colors_secondary": "#C3C3C3",
        "styles_colors_warning": "#FABAAC",
        "styles_colors_warningBold": "#FA2222",
        "styles_disabled": false,
        "styles_fontSize": "1em",
        "styles_hasOptions": true,
        "styles_hasSelection": false,
        "styles_icon_width": "1em",
        "styles_multiple": true,
        "styles_optionHighlighted": Array [],
        "styles_option_paddingBottom": ".25em",
        "styles_option_paddingLeft": ".25em",
        "styles_option_paddingRight": ".25em",
        "styles_option_paddingTop": ".25em",
        "styles_paddingBottom": ".25em",
        "styles_paddingLeft": ".25em",
        "styles_paddingRight": ".25em",
        "styles_paddingTop": ".25em",
        "styles_rightToLeft": false,
        "styles_search_size": "8",
        "styles_selection_margin": ".2em",
        "styles_selection_paddingBottom": ".2em",
        "styles_selection_paddingLeft": ".4em",
        "styles_selection_paddingRight": ".4em",
        "styles_selection_paddingTop": ".2em",
        "styles_width": 600,
        "svg_Remove": undefined,
      }
    }
  />
  <div
    data-props={
      Object {
        "item": Object {
          "label": "Item 4",
          "value": "4",
        },
        "removable": false,
        "styles_borderRadius": ".2em",
        "styles_checkRadio_borderWidth": "2px",
        "styles_checkRadio_labelMargin": ".2em",
        "styles_checkRadio_marginBetween": "1em",
        "styles_checkRadio_paddingBottom": ".2em",
        "styles_checkRadio_paddingLeft": ".2em",
        "styles_checkRadio_paddingRight": ".2em",
        "styles_checkRadio_paddingTop": ".2em",
        "styles_colors_background": "white",
        "styles_colors_disabled": "#ECECEC",
        "styles_colors_highlight": "lightblue",
        "styles_colors_primary": "black",
        "styles_colors_secondary": "#C3C3C3",
        "styles_colors_warning": "#FABAAC",
        "styles_colors_warningBold": "#FA2222",
        "styles_disabled": false,
        "styles_fontSize": "1em",
        "styles_hasOptions": true,
        "styles_hasSelection": false,
        "styles_icon_width": "1em",
        "styles_multiple": true,
        "styles_optionHighlighted": Array [],
        "styles_option_paddingBottom": ".25em",
        "styles_option_paddingLeft": ".25em",
        "styles_option_paddingRight": ".25em",
        "styles_option_paddingTop": ".25em",
        "styles_paddingBottom": ".25em",
        "styles_paddingLeft": ".25em",
        "styles_paddingRight": ".25em",
        "styles_paddingTop": ".25em",
        "styles_rightToLeft": false,
        "styles_search_size": "8",
        "styles_selection_margin": ".2em",
        "styles_selection_paddingBottom": ".2em",
        "styles_selection_paddingLeft": ".4em",
        "styles_selection_paddingRight": ".4em",
        "styles_selection_paddingTop": ".2em",
        "styles_width": 600,
        "svg_Remove": undefined,
      }
    }
  />
  <div
    data-props={
      Object {
        "item": Object {
          "label": "Item 5",
          "value": "5",
        },
        "removable": false,
        "styles_borderRadius": ".2em",
        "styles_checkRadio_borderWidth": "2px",
        "styles_checkRadio_labelMargin": ".2em",
        "styles_checkRadio_marginBetween": "1em",
        "styles_checkRadio_paddingBottom": ".2em",
        "styles_checkRadio_paddingLeft": ".2em",
        "styles_checkRadio_paddingRight": ".2em",
        "styles_checkRadio_paddingTop": ".2em",
        "styles_colors_background": "white",
        "styles_colors_disabled": "#ECECEC",
        "styles_colors_highlight": "lightblue",
        "styles_colors_primary": "black",
        "styles_colors_secondary": "#C3C3C3",
        "styles_colors_warning": "#FABAAC",
        "styles_colors_warningBold": "#FA2222",
        "styles_disabled": false,
        "styles_fontSize": "1em",
        "styles_hasOptions": true,
        "styles_hasSelection": false,
        "styles_icon_width": "1em",
        "styles_multiple": true,
        "styles_optionHighlighted": Array [],
        "styles_option_paddingBottom": ".25em",
        "styles_option_paddingLeft": ".25em",
        "styles_option_paddingRight": ".25em",
        "styles_option_paddingTop": ".25em",
        "styles_paddingBottom": ".25em",
        "styles_paddingLeft": ".25em",
        "styles_paddingRight": ".25em",
        "styles_paddingTop": ".25em",
        "styles_rightToLeft": false,
        "styles_search_size": "8",
        "styles_selection_margin": ".2em",
        "styles_selection_paddingBottom": ".2em",
        "styles_selection_paddingLeft": ".4em",
        "styles_selection_paddingRight": ".4em",
        "styles_selection_paddingTop": ".2em",
        "styles_width": 600,
        "svg_Remove": undefined,
      }
    }
  />
</ul>
`;
